{
  "version": "1.5.0",
  "plugins_used": [
    {
      "name": "ArtifactoryDetector"
    },
    {
      "name": "AWSKeyDetector"
    },
    {
      "name": "AzureStorageKeyDetector"
    },
    {
      "name": "Base64HighEntropyString",
      "limit": 4.5
    },
    {
      "name": "BasicAuthDetector"
    },
    {
      "name": "CloudantDetector"
    },
    {
      "name": "DiscordBotTokenDetector"
    },
    {
      "name": "GitHubTokenDetector"
    },
    {
      "name": "GitLabTokenDetector"
    },
    {
      "name": "HexHighEntropyString",
      "limit": 3.0
    },
    {
      "name": "IbmCloudIamDetector"
    },
    {
      "name": "IbmCosHmacDetector"
    },
    {
      "name": "IPPublicDetector"
    },
    {
      "name": "JwtTokenDetector"
    },
    {
      "name": "KeywordDetector",
      "keyword_exclude": ""
    },
    {
      "name": "MailchimpDetector"
    },
    {
      "name": "NpmDetector"
    },
    {
      "name": "OpenAIDetector"
    },
    {
      "name": "PrivateKeyDetector"
    },
    {
      "name": "PypiTokenDetector"
    },
    {
      "name": "SendGridDetector"
    },
    {
      "name": "SlackDetector"
    },
    {
      "name": "SoftlayerDetector"
    },
    {
      "name": "SquareOAuthDetector"
    },
    {
      "name": "StripeDetector"
    },
    {
      "name": "TelegramBotTokenDetector"
    },
    {
      "name": "TwilioKeyDetector"
    }
  ],
  "filters_used": [
    {
      "path": "detect_secrets.filters.allowlist.is_line_allowlisted"
    },
    {
      "path": "detect_secrets.filters.common.is_baseline_file",
      "filename": ".secrets.baseline"
    },
    {
      "path": "detect_secrets.filters.common.is_ignored_due_to_verification_policies",
      "min_level": 2
    },
    {
      "path": "detect_secrets.filters.heuristic.is_indirect_reference"
    },
    {
      "path": "detect_secrets.filters.heuristic.is_likely_id_string"
    },
    {
      "path": "detect_secrets.filters.heuristic.is_lock_file"
    },
    {
      "path": "detect_secrets.filters.heuristic.is_not_alphanumeric_string"
    },
    {
      "path": "detect_secrets.filters.heuristic.is_potential_uuid"
    },
    {
      "path": "detect_secrets.filters.heuristic.is_prefixed_with_dollar_sign"
    },
    {
      "path": "detect_secrets.filters.heuristic.is_sequential_string"
    },
    {
      "path": "detect_secrets.filters.heuristic.is_swagger_file"
    },
    {
      "path": "detect_secrets.filters.heuristic.is_templated_secret"
    }
  ],
  "results": {
    ".github/workflows/security-audit.yml": [
      {
        "type": "Secret Keyword",
        "filename": ".github/workflows/security-audit.yml",
        "hashed_secret": "b71d494da8d930401ba9b32b7cef87295f3eb6d3",
        "is_verified": false,
        "line_number": 79
      }
    ],
    "apps/infra/accounts_app/tests.py": [
      {
        "type": "Secret Keyword",
        "filename": "apps/infra/accounts_app/tests.py",
        "hashed_secret": "1c58bd92003bbaa0538e249fff6ee19a270dec5f",
        "is_verified": false,
        "line_number": 32
      }
    ],
    "apps/infra/integrations_app/tests.py": [
      {
        "type": "Secret Keyword",
        "filename": "apps/infra/integrations_app/tests.py",
        "hashed_secret": "1c58bd92003bbaa0538e249fff6ee19a270dec5f",
        "is_verified": false,
        "line_number": 29
      }
    ],
    "apps/infra/project_app/implementation/security_features_implementation.md": [
      {
        "type": "Secret Keyword",
        "filename": "apps/infra/project_app/implementation/security_features_implementation.md",
        "hashed_secret": "5baa61e4c9b93f3f0682250b6cf8331b7ee68fd8",
        "is_verified": false,
        "line_number": 1016
      }
    ],
    "apps/infra/public_app/services/api_docs_generator.py": [
      {
        "type": "Secret Keyword",
        "filename": "apps/infra/public_app/services/api_docs_generator.py",
        "hashed_secret": "9d4e1e23bd5b727046a9e3b4b7db57bd8d6ee684",
        "is_verified": false,
        "line_number": 126
      }
    ],
    "apps/infra/public_app/templates/public_app/pages/_windows.html": [
      {
        "type": "Base64 High Entropy String",
        "filename": "apps/infra/public_app/templates/public_app/pages/_windows.html",
        "hashed_secret": "c38e5b6946d5de40cf254259b72252ef7e5e1941",
        "is_verified": false,
        "line_number": 475
      }
    ],
    "apps/infra/public_app/templates/public_app/pages/api-docs-partials/getting-started.html": [
      {
        "type": "Secret Keyword",
        "filename": "apps/infra/public_app/templates/public_app/pages/api-docs-partials/getting-started.html",
        "hashed_secret": "564e340cd48437d2dfe876ee154cc99dc4d0d137",
        "is_verified": false,
        "line_number": 84
      }
    ],
    "apps/infra/public_app/tests.py": [
      {
        "type": "Secret Keyword",
        "filename": "apps/infra/public_app/tests.py",
        "hashed_secret": "1c58bd92003bbaa0538e249fff6ee19a270dec5f",
        "is_verified": false,
        "line_number": 34
      },
      {
        "type": "Secret Keyword",
        "filename": "apps/infra/public_app/tests.py",
        "hashed_secret": "6eb67d95dba1a614971e31e78146d44bd4a3ada3",
        "is_verified": false,
        "line_number": 123
      }
    ],
    "apps/infra/search_app/tests.py": [
      {
        "type": "Secret Keyword",
        "filename": "apps/infra/search_app/tests.py",
        "hashed_secret": "1c58bd92003bbaa0538e249fff6ee19a270dec5f",
        "is_verified": false,
        "line_number": 28
      }
    ],
    "apps/infra/social_app/tests.py": [
      {
        "type": "Secret Keyword",
        "filename": "apps/infra/social_app/tests.py",
        "hashed_secret": "1c58bd92003bbaa0538e249fff6ee19a270dec5f",
        "is_verified": false,
        "line_number": 29
      }
    ],
    "apps/workspace/console_app/tests.py": [
      {
        "type": "Secret Keyword",
        "filename": "apps/workspace/console_app/tests.py",
        "hashed_secret": "1c58bd92003bbaa0538e249fff6ee19a270dec5f",
        "is_verified": false,
        "line_number": 29
      }
    ],
    "apps/workspace/dev_app/screenshot_comparison.py": [
      {
        "type": "Secret Keyword",
        "filename": "apps/workspace/dev_app/screenshot_comparison.py",
        "hashed_secret": "a94a8fe5ccb19ba61c4c0873d391e987982fbbd3",
        "is_verified": false,
        "line_number": 32
      }
    ],
    "apps/workspace/dev_app/views/tests.py": [
      {
        "type": "Secret Keyword",
        "filename": "apps/workspace/dev_app/views/tests.py",
        "hashed_secret": "a4b48a81cdab1e1a5dd37907d6c85ca1c61ddc7c",
        "is_verified": false,
        "line_number": 389
      }
    ],
    "apps/workspace/scholar_app/examples/enrich_simple.sh": [
      {
        "type": "Secret Keyword",
        "filename": "apps/workspace/scholar_app/examples/enrich_simple.sh",
        "hashed_secret": "a5add1e08eece87e768669288eb69419a4185542",
        "is_verified": false,
        "line_number": 6
      }
    ],
    "config/settings/settings_prod.py": [
      {
        "type": "Secret Keyword",
        "filename": "config/settings/settings_prod.py",
        "hashed_secret": "ec5885ea078711897661eefcb53aa60ec64c6b99",
        "is_verified": false,
        "line_number": 93
      }
    ],
    "deployment/.archive/manual/postgres/setup_postgres.sh": [
      {
        "type": "Secret Keyword",
        "filename": "deployment/.archive/manual/postgres/setup_postgres.sh",
        "hashed_secret": "4170a68db1b4296debea7de5ff0573ac67d14d5a",
        "is_verified": false,
        "line_number": 219
      }
    ],
    "deployment/.archive/manual/postgres/setup_postgres.sql": [
      {
        "type": "Secret Keyword",
        "filename": "deployment/.archive/manual/postgres/setup_postgres.sql",
        "hashed_secret": "4170a68db1b4296debea7de5ff0573ac67d14d5a",
        "is_verified": false,
        "line_number": 6
      },
      {
        "type": "Secret Keyword",
        "filename": "deployment/.archive/manual/postgres/setup_postgres.sql",
        "hashed_secret": "ce2bc5b2fe31f42c2e7b3cd9a1b534662deafbff",
        "is_verified": false,
        "line_number": 12
      }
    ],
    "deployment/.archive/manual/server/dev/start_dev_background.sh": [
      {
        "type": "Secret Keyword",
        "filename": "deployment/.archive/manual/server/dev/start_dev_background.sh",
        "hashed_secret": "8666b602546cc97b22ee9fc943867b7285cd3be6",
        "is_verified": false,
        "line_number": 14
      }
    ],
    "deployment/docker/docker_dev/README.md": [
      {
        "type": "Secret Keyword",
        "filename": "deployment/docker/docker_dev/README.md",
        "hashed_secret": "49efef5f70d47adc2db2eb397fbef5f7bc560e29",
        "is_verified": false,
        "line_number": 20
      }
    ],
    "deployment/envs/.env.example": [
      {
        "type": "Secret Keyword",
        "filename": "deployment/envs/.env.example",
        "hashed_secret": "29b8dca3de5ff27bcf8bd3b622adf9970f29381c",
        "is_verified": false,
        "line_number": 23
      }
    ],
    "scripts/utils/reset_database_with_permissions.py": [
      {
        "type": "Secret Keyword",
        "filename": "scripts/utils/reset_database_with_permissions.py",
        "hashed_secret": "4bf76d6c8544a9251a8b06e4c3270d2922538e5d",
        "is_verified": false,
        "line_number": 162
      }
    ],
    "src/scitex_container/_docs/.buildinfo": [
      {
        "type": "Hex High Entropy String",
        "filename": "src/scitex_container/_docs/.buildinfo",
        "hashed_secret": "858fdac48de788407ca7efb388a3877a6b35551d",
        "is_verified": false,
        "line_number": 3
      },
      {
        "type": "Hex High Entropy String",
        "filename": "src/scitex_container/_docs/.buildinfo",
        "hashed_secret": "63256a38625700f409b7ec5db8fa05ffd2cb88b2",
        "is_verified": false,
        "line_number": 4
      }
    ],
    "src/scitex_hub/_cli/mcp.py": [
      {
        "type": "Secret Keyword",
        "filename": "src/scitex_hub/_cli/mcp.py",
        "hashed_secret": "11fa7c37d697f30e6aee828b4426a10f83ab2380",
        "is_verified": false,
        "line_number": 221
      }
    ],
    "src/scitex_hub/_skills/scitex-hub/30_infrastructure.md": [
      {
        "type": "Secret Keyword",
        "filename": "src/scitex_hub/_skills/scitex-hub/30_infrastructure.md",
        "hashed_secret": "11fa7c37d697f30e6aee828b4426a10f83ab2380",
        "is_verified": false,
        "line_number": 69
      }
    ],
    "src/scitex_hub/_sphinx_html/.buildinfo": [
      {
        "type": "Hex High Entropy String",
        "filename": "src/scitex_hub/_sphinx_html/.buildinfo",
        "hashed_secret": "3093dcc4cba36666b865faaa50374cf381aa96e7",
        "is_verified": false,
        "line_number": 3
      },
      {
        "type": "Hex High Entropy String",
        "filename": "src/scitex_hub/_sphinx_html/.buildinfo",
        "hashed_secret": "63256a38625700f409b7ec5db8fa05ffd2cb88b2",
        "is_verified": false,
        "line_number": 4
      }
    ],
    "tests/README.md": [
      {
        "type": "Secret Keyword",
        "filename": "tests/README.md",
        "hashed_secret": "49efef5f70d47adc2db2eb397fbef5f7bc560e29",
        "is_verified": false,
        "line_number": 541
      }
    ],
    "tests/api/auth/test_auth_api.py": [
      {
        "type": "Secret Keyword",
        "filename": "tests/api/auth/test_auth_api.py",
        "hashed_secret": "e8662cfb96bd9c7fe84c31d76819ec3a92c80e63",
        "is_verified": false,
        "line_number": 165
      }
    ],
    "tests/api/scholar/test_public_api.py": [
      {
        "type": "Secret Keyword",
        "filename": "tests/api/scholar/test_public_api.py",
        "hashed_secret": "d8ecf7db8fc9ec9c31bc5c9ae2929cc599c75f8d",
        "is_verified": false,
        "line_number": 202
      }
    ],
    "tests/apps/accounts_app/test_tests.py": [
      {
        "type": "Secret Keyword",
        "filename": "tests/apps/accounts_app/test_tests.py",
        "hashed_secret": "1c58bd92003bbaa0538e249fff6ee19a270dec5f",
        "is_verified": false,
        "line_number": 59
      }
    ],
    "tests/apps/accounts_app/views/test_api_keys_views.py": [
      {
        "type": "Secret Keyword",
        "filename": "tests/apps/accounts_app/views/test_api_keys_views.py",
        "hashed_secret": "206c80413b9a96c1312cc346b7d2517b84463edd",
        "is_verified": false,
        "line_number": 47
      }
    ],
    "tests/apps/console_app/test_tests.py": [
      {
        "type": "Secret Keyword",
        "filename": "tests/apps/console_app/test_tests.py",
        "hashed_secret": "1c58bd92003bbaa0538e249fff6ee19a270dec5f",
        "is_verified": false,
        "line_number": 56
      }
    ],
    "tests/apps/dev_app/test_screenshot_comparison.py": [
      {
        "type": "Secret Keyword",
        "filename": "tests/apps/dev_app/test_screenshot_comparison.py",
        "hashed_secret": "a94a8fe5ccb19ba61c4c0873d391e987982fbbd3",
        "is_verified": false,
        "line_number": 59
      }
    ],
    "tests/apps/integrations_app/test_tests.py": [
      {
        "type": "Secret Keyword",
        "filename": "tests/apps/integrations_app/test_tests.py",
        "hashed_secret": "1c58bd92003bbaa0538e249fff6ee19a270dec5f",
        "is_verified": false,
        "line_number": 56
      }
    ],
    "tests/apps/public_app/test_tests.py": [
      {
        "type": "Secret Keyword",
        "filename": "tests/apps/public_app/test_tests.py",
        "hashed_secret": "1c58bd92003bbaa0538e249fff6ee19a270dec5f",
        "is_verified": false,
        "line_number": 60
      },
      {
        "type": "Secret Keyword",
        "filename": "tests/apps/public_app/test_tests.py",
        "hashed_secret": "6eb67d95dba1a614971e31e78146d44bd4a3ada3",
        "is_verified": false,
        "line_number": 149
      }
    ],
    "tests/apps/search_app/test_tests.py": [
      {
        "type": "Secret Keyword",
        "filename": "tests/apps/search_app/test_tests.py",
        "hashed_secret": "1c58bd92003bbaa0538e249fff6ee19a270dec5f",
        "is_verified": false,
        "line_number": 58
      }
    ],
    "tests/apps/social_app/test_tests.py": [
      {
        "type": "Secret Keyword",
        "filename": "tests/apps/social_app/test_tests.py",
        "hashed_secret": "1c58bd92003bbaa0538e249fff6ee19a270dec5f",
        "is_verified": false,
        "line_number": 59
      }
    ],
    "tests/conftest.py": [
      {
        "type": "Secret Keyword",
        "filename": "tests/conftest.py",
        "hashed_secret": "382caa7c44ee23ee25616f7e303af33c591efc3a",
        "is_verified": false,
        "line_number": 157
      }
    ],
    "tests/db/conftest.py": [
      {
        "type": "Secret Keyword",
        "filename": "tests/db/conftest.py",
        "hashed_secret": "382caa7c44ee23ee25616f7e303af33c591efc3a",
        "is_verified": false,
        "line_number": 26
      },
      {
        "type": "Secret Keyword",
        "filename": "tests/db/conftest.py",
        "hashed_secret": "b3f377a87c9018caa8aea51da23cdc17c74bc946",
        "is_verified": false,
        "line_number": 39
      }
    ],
    "tests/e2e/test_06_signup_email.py": [
      {
        "type": "Secret Keyword",
        "filename": "tests/e2e/test_06_signup_email.py",
        "hashed_secret": "59b5f35b1aa4c028953107968302765e1dba1cff",
        "is_verified": false,
        "line_number": 81
      },
      {
        "type": "Secret Keyword",
        "filename": "tests/e2e/test_06_signup_email.py",
        "hashed_secret": "5694f10ec28e2a3f2ec05927935d8d400232579e",
        "is_verified": false,
        "line_number": 147
      }
    ]
  },
  "generated_at": "2026-06-01T00:19:06Z"
}
